Segmentation fault (core dumped)

Core Dump/Segmentation fault is a specific kind of error caused by accessing memory that “does not belong to you.” When a piece of code tries to do read and write operation in a read only location in memory or freed block of memory, it is known as core dump. 
It is an error indicating memory corruption.
